Turbo Assembler	 Version 3.0	    08/29/18 19:46:20	    Page 1
MPP5.ASM



      1	0000			     name1 SEGMENT
      2				     ORG 300H
      3	0300  41 42 43 44 41	     src DB "ABCDA"
      4	0305			     name1 ENDS
      5
      6	0000			     result SEGMENT
      7				     ORG 400H
      8	0400  00		     charflag DB 00H
      9	0401  00		     charcount DB 00H
     10	0402			     result ENDS
     11
     12	0000			     code SEGMENT
     13				     ASSUME CS:code, DS:result,	ES:name1
     14	0000  B8 0000s		     Start: MOV	AX, name1
     15	0003  8E C0			    MOV	ES,AX
     16	0005  B8 0000s			    MOV	AX,result
     17	0008  8E D8			    MOV	DS,AX
     18	000A  BF 0300r			    LEA	DI,src ; DI=300H
     19	000D  FC			    CLD
     20	000E  B0 41			    MOV	AL,'A'
     21	0010  B1 05			    MOV	CL,05
     22	0012  AE		     UP:    SCASB;AL-ES:DI
     23	0013  75 09			    JNZ	down
     24	0015  FE 06 0401r		    INC	charcount
     25	0019  C6 06 0400r 01		    MOV	charflag,01;01H
     26	001E  FE C9		     down:  DEC	CL
     27	0020  75 F0			    JNZ	UP
     28	0022  CC			    INT	3
     29
     30	0023			     code ENDS
     31				     END Start
Turbo Assembler	 Version 3.0	    08/29/18 19:46:20	    Page 2
Symbol Table




Symbol Name			  Type	 Value

??DATE				  Text	 "08/29/18"
??FILENAME			  Text	 "MPP5	  "
??TIME				  Text	 "19:46:19"
??VERSION			  Number 0300
@CPU				  Text	 0101H
@CURSEG				  Text	 CODE
@FILENAME			  Text	 MPP5
@WORDSIZE			  Text	 2
CHARCOUNT			  Byte	 RESULT:0401
CHARFLAG			  Byte	 RESULT:0400
DOWN				  Near	 CODE:001E
SRC				  Byte	 NAME1:0300
START				  Near	 CODE:0000
UP				  Near	 CODE:0012

Groups & Segments		  Bit Size Align  Combine Class

CODE				  16  0023 Para	  none
NAME1				  16  0305 Para	  none
RESULT				  16  0402 Para	  none
